2026-02-01 13:23:28,224 INFO o.a.j.u.JMeterUtils: Setting Locale to en_EN
2026-02-01 13:23:28,236 INFO o.a.j.JMeter: Loading user properties from: /home/ngcuong/apache-jmeter-5.6.3/bin/user.properties
2026-02-01 13:23:28,236 INFO o.a.j.JMeter: Loading system properties from: /home/ngcuong/apache-jmeter-5.6.3/bin/system.properties
2026-02-01 13:23:28,240 INFO o.a.j.JMeter: Copyright (c) 1998-2024 The Apache Software Foundation
2026-02-01 13:23:28,240 INFO o.a.j.JMeter: Version 5.6.3
2026-02-01 13:23:28,240 INFO o.a.j.JMeter: java.version=21.0.9
2026-02-01 13:23:28,240 INFO o.a.j.JMeter: java.vm.name=OpenJDK 64-Bit Server VM
2026-02-01 13:23:28,240 INFO o.a.j.JMeter: os.name=Linux
2026-02-01 13:23:28,240 INFO o.a.j.JMeter: os.arch=amd64
2026-02-01 13:23:28,240 INFO o.a.j.JMeter: os.version=6.14.0-37-generic
2026-02-01 13:23:28,240 INFO o.a.j.JMeter: file.encoding=UTF-8
2026-02-01 13:23:28,240 INFO o.a.j.JMeter: java.awt.headless=true
2026-02-01 13:23:28,240 INFO o.a.j.JMeter: Max memory     =1073741824
2026-02-01 13:23:28,240 INFO o.a.j.JMeter: Available Processors =16
2026-02-01 13:23:28,246 INFO o.a.j.JMeter: Default Locale=English (EN)
2026-02-01 13:23:28,246 INFO o.a.j.JMeter: JMeter  Locale=English (EN)
2026-02-01 13:23:28,247 INFO o.a.j.JMeter: JMeterHome=/home/ngcuong/apache-jmeter-5.6.3
2026-02-01 13:23:28,247 INFO o.a.j.JMeter: user.dir  =/home/ngcuong/Data/KTPM-BIT230069-Soft2/C4-JMeter
2026-02-01 13:23:28,247 INFO o.a.j.JMeter: PWD       =/home/ngcuong/Data/KTPM-BIT230069-Soft2/C4-JMeter
2026-02-01 13:23:28,247 INFO o.a.j.JMeter: IP: 127.0.1.1 Name: ngcuong-ASUS-TUF-Gaming-A16-FA617NS-FA617NS FullName: ngcuong-ASUS-TUF-Gaming-A16-FA617NS-FA617NS
2026-02-01 13:23:28,255 INFO o.a.j.JMeter: Setting property 'jmeter.reportgenerator.outputdir' to:'/home/ngcuong/Data/KTPM-BIT230069-Soft2/C4-JMeter/report_html'
2026-02-01 13:23:28,256 INFO o.a.j.s.FileServer: Default base='/home/ngcuong/Data/KTPM-BIT230069-Soft2/C4-JMeter'
2026-02-01 13:23:28,257 INFO o.a.j.s.FileServer: Set new base='/home/ngcuong/Data/KTPM-BIT230069-Soft2/C4-JMeter'
2026-02-01 13:23:28,364 INFO o.a.j.s.SaveService: Testplan (JMX) version: 2.2. Testlog (JTL) version: 2.2
2026-02-01 13:23:28,384 INFO o.a.j.s.SaveService: Using SaveService properties version 5.0
2026-02-01 13:23:28,386 INFO o.a.j.s.SaveService: Using SaveService properties file encoding UTF-8
2026-02-01 13:23:28,388 INFO o.a.j.s.SaveService: Loading file: WikipediaTest.jmx
2026-02-01 13:23:28,424 INFO o.a.j.p.h.s.HTTPSamplerBase: Parser for text/html is org.apache.jmeter.protocol.http.parser.LagartoBasedHtmlParser
2026-02-01 13:23:28,425 INFO o.a.j.p.h.s.HTTPSamplerBase: Parser for application/xhtml+xml is org.apache.jmeter.protocol.http.parser.LagartoBasedHtmlParser
2026-02-01 13:23:28,425 INFO o.a.j.p.h.s.HTTPSamplerBase: Parser for application/xml is org.apache.jmeter.protocol.http.parser.LagartoBasedHtmlParser
2026-02-01 13:23:28,425 INFO o.a.j.p.h.s.HTTPSamplerBase: Parser for text/xml is org.apache.jmeter.protocol.http.parser.LagartoBasedHtmlParser
2026-02-01 13:23:28,425 INFO o.a.j.p.h.s.HTTPSamplerBase: Parser for text/vnd.wap.wml is org.apache.jmeter.protocol.http.parser.RegexpHTMLParser
2026-02-01 13:23:28,425 INFO o.a.j.p.h.s.HTTPSamplerBase: Parser for text/css is org.apache.jmeter.protocol.http.parser.CssParser
2026-02-01 13:23:28,431 INFO o.a.j.JMeter: Creating summariser <summary>
2026-02-01 13:23:28,439 INFO o.a.j.r.d.ReportGenerator: ReportGenerator will use for Parsing the separator: ','
2026-02-01 13:23:28,439 INFO o.a.j.r.d.ReportGenerator: Will generate report at end of test from  results file: result.csv
2026-02-01 13:23:28,439 INFO o.a.j.r.d.ReportGenerator: Reading report generator properties from: /home/ngcuong/apache-jmeter-5.6.3/bin/reportgenerator.properties
2026-02-01 13:23:28,440 INFO o.a.j.r.d.ReportGenerator: Merging with JMeter properties
2026-02-01 13:23:28,442 INFO o.a.j.r.c.ReportGeneratorConfiguration: Property 'jmeter.reportgenerator.temp_dir' not found, using default value 'temp' instead.
2026-02-01 13:23:28,444 INFO o.a.j.r.c.ReportGeneratorConfiguration: Property 'jmeter.reportgenerator.apdex_per_transaction' not found, using default value 'null' instead.
2026-02-01 13:23:28,444 INFO o.a.j.r.c.ReportGeneratorConfiguration: apdex_per_transaction is empty, not APDEX per transaction customization
2026-02-01 13:23:28,444 INFO o.a.j.r.c.ReportGeneratorConfiguration: Property 'jmeter.reportgenerator.sample_filter' not found, using default value 'null' instead.
2026-02-01 13:23:28,444 INFO o.a.j.r.c.ReportGeneratorConfiguration: Property 'jmeter.reportgenerator.report_title' not found, using default value 'null' instead.
2026-02-01 13:23:28,444 INFO o.a.j.r.c.ReportGeneratorConfiguration: Property 'jmeter.reportgenerator.start_date' not found, using default value 'null' instead.
2026-02-01 13:23:28,444 INFO o.a.j.r.c.ReportGeneratorConfiguration: Property 'jmeter.reportgenerator.end_date' not found, using default value 'null' instead.
2026-02-01 13:23:28,444 INFO o.a.j.r.c.ReportGeneratorConfiguration: Property 'jmeter.reportgenerator.date_format' not found, using default value 'null' instead.
2026-02-01 13:23:28,444 INFO o.a.j.r.c.ReportGeneratorConfiguration: Will use date range start date: null, end date: null
2026-02-01 13:23:28,446 INFO o.a.j.r.c.ReportGeneratorConfiguration: Property 'jmeter.reportgenerator.graph.totalTPS.exclude_controllers' not found, using default value 'false' instead.
2026-02-01 13:23:28,447 INFO o.a.j.r.c.ReportGeneratorConfiguration: Property 'jmeter.reportgenerator.graph.activeThreadsOverTime.exclude_controllers' not found, using default value 'false' instead.
2026-02-01 13:23:28,447 INFO o.a.j.r.c.ReportGeneratorConfiguration: Property 'jmeter.reportgenerator.graph.timeVsThreads.exclude_controllers' not found, using default value 'false' instead.
2026-02-01 13:23:28,447 INFO o.a.j.r.c.ReportGeneratorConfiguration: Property 'jmeter.reportgenerator.graph.responseTimeDistribution.exclude_controllers' not found, using default value 'false' instead.
2026-02-01 13:23:28,447 INFO o.a.j.r.c.ReportGeneratorConfiguration: Property 'jmeter.reportgenerator.graph.transactionsPerSecond.exclude_controllers' not found, using default value 'false' instead.
2026-02-01 13:23:28,447 INFO o.a.j.r.c.ReportGeneratorConfiguration: Property 'jmeter.reportgenerator.graph.responseTimePercentiles.exclude_controllers' not found, using default value 'false' instead.
2026-02-01 13:23:28,448 INFO o.a.j.r.c.ReportGeneratorConfiguration: Property 'jmeter.reportgenerator.graph.responseTimePercentilesOverTime.exclude_controllers' not found, using default value 'false' instead.
2026-02-01 13:23:28,448 INFO o.a.j.r.c.ReportGeneratorConfiguration: Property 'jmeter.reportgenerator.graph.responseTimesOverTime.exclude_controllers' not found, using default value 'false' instead.
2026-02-01 13:23:28,448 INFO o.a.j.r.c.ReportGeneratorConfiguration: Property 'jmeter.reportgenerator.graph.connectTimeOverTime.exclude_controllers' not found, using default value 'false' instead.
2026-02-01 13:23:28,448 INFO o.a.j.r.c.ReportGeneratorConfiguration: Property 'jmeter.reportgenerator.graph.latenciesOverTime.exclude_controllers' not found, using default value 'false' instead.
2026-02-01 13:23:28,449 INFO o.a.j.r.c.ReportGeneratorConfiguration: Property 'jmeter.reportgenerator.exporter.json.filters_only_sample_series' not found, using default value 'true' instead.
2026-02-01 13:23:28,449 INFO o.a.j.r.c.ReportGeneratorConfiguration: Property 'jmeter.reportgenerator.exporter.json.series_filter' not found, using default value '' instead.
2026-02-01 13:23:28,449 INFO o.a.j.r.c.ReportGeneratorConfiguration: Property 'jmeter.reportgenerator.exporter.json.show_controllers_only' not found, using default value 'false' instead.
2026-02-01 13:23:28,449 INFO o.a.j.r.c.ReportGeneratorConfiguration: Property 'jmeter.reportgenerator.exporter.html.filters_only_sample_series' not found, using default value 'true' instead.
2026-02-01 13:23:28,449 INFO o.a.j.r.c.ReportGeneratorConfiguration: Property 'jmeter.reportgenerator.exporter.html.series_filter' not found, using default value '' instead.
2026-02-01 13:23:28,449 INFO o.a.j.r.c.ReportGeneratorConfiguration: Property 'jmeter.reportgenerator.exporter.html.show_controllers_only' not found, using default value 'false' instead.
2026-02-01 13:23:28,458 INFO o.a.j.e.StandardJMeterEngine: Running the test!
2026-02-01 13:23:28,459 INFO o.a.j.s.SampleEvent: List of sample_variables: []
2026-02-01 13:23:28,459 INFO o.a.j.s.SampleEvent: List of sample_variables: []
2026-02-01 13:23:28,462 INFO o.a.j.e.u.CompoundVariable: Note: Function class names must contain the string: '.functions.'
2026-02-01 13:23:28,462 INFO o.a.j.e.u.CompoundVariable: Note: Function class names must not contain the string: '.gui.'
2026-02-01 13:23:28,506 INFO o.a.j.JMeter: Running test (1769927008506)
2026-02-01 13:23:28,518 INFO o.a.j.e.StandardJMeterEngine: Starting ThreadGroup: 1 : TG1_Basic_Safe
2026-02-01 13:23:28,519 INFO o.a.j.e.StandardJMeterEngine: Starting 5 threads for group TG1_Basic_Safe.
2026-02-01 13:23:28,519 INFO o.a.j.e.StandardJMeterEngine: Thread will continue on error
2026-02-01 13:23:28,519 INFO o.a.j.t.ThreadGroup: Starting thread group... number=1 threads=5 ramp-up=5 delayedStart=false
2026-02-01 13:23:28,523 INFO o.a.j.t.ThreadGroup: Started thread group number 1
2026-02-01 13:23:28,523 INFO o.a.j.e.StandardJMeterEngine: Starting ThreadGroup: 2 : TG2_Search_Safe
2026-02-01 13:23:28,523 INFO o.a.j.e.StandardJMeterEngine: Starting 3 threads for group TG2_Search_Safe.
2026-02-01 13:23:28,524 INFO o.a.j.e.StandardJMeterEngine: Thread will continue on error
2026-02-01 13:23:28,524 INFO o.a.j.t.ThreadGroup: Starting thread group... number=2 threads=3 ramp-up=5 delayedStart=false
2026-02-01 13:23:28,523 INFO o.a.j.t.JMeterThread: Thread started: TG1_Basic_Safe 1-1
2026-02-01 13:23:28,524 INFO o.a.j.t.JMeterThread: Thread started: TG2_Search_Safe 2-1
2026-02-01 13:23:28,525 INFO o.a.j.t.ThreadGroup: Started thread group number 2
2026-02-01 13:23:28,525 INFO o.a.j.e.StandardJMeterEngine: Starting ThreadGroup: 3 : TG3_Duration_Safe
2026-02-01 13:23:28,525 INFO o.a.j.e.StandardJMeterEngine: Starting 2 threads for group TG3_Duration_Safe.
2026-02-01 13:23:28,525 INFO o.a.j.e.StandardJMeterEngine: Thread will continue on error
2026-02-01 13:23:28,525 INFO o.a.j.t.ThreadGroup: Starting thread group... number=3 threads=2 ramp-up=2 delayedStart=false
2026-02-01 13:23:28,525 INFO o.a.j.t.JMeterThread: Thread started: TG3_Duration_Safe 3-1
2026-02-01 13:23:28,525 INFO o.a.j.t.ThreadGroup: Started thread group number 3
2026-02-01 13:23:28,525 INFO o.a.j.e.StandardJMeterEngine: All thread groups have been started
2026-02-01 13:23:29,521 INFO o.a.j.t.JMeterThread: Thread started: TG1_Basic_Safe 1-2
2026-02-01 13:23:29,526 INFO o.a.j.t.JMeterThread: Thread started: TG3_Duration_Safe 3-2
2026-02-01 13:23:29,535 INFO o.a.j.p.h.s.HTTPHCAbstractImpl: Local host = ngcuong-ASUS-TUF-Gaming-A16-FA617NS-FA617NS
2026-02-01 13:23:29,538 INFO o.a.j.p.h.s.HTTPHC4Impl: HTTP request retry count = 0
2026-02-01 13:23:29,539 INFO o.a.j.s.SampleResult: Note: Sample TimeStamps are START times
2026-02-01 13:23:29,539 INFO o.a.j.s.SampleResult: sampleresult.default.encoding is set to UTF-8
2026-02-01 13:23:29,539 INFO o.a.j.s.SampleResult: sampleresult.useNanoTime=true
2026-02-01 13:23:29,539 INFO o.a.j.s.SampleResult: sampleresult.nanoThreadSleep=5000
2026-02-01 13:23:29,746 INFO o.a.j.p.h.s.h.LazyLayeredConnectionSocketFactory: Setting up HTTPS TrustAll Socket Factory
2026-02-01 13:23:29,750 INFO o.a.j.u.JsseSSLManager: Using default SSL protocol: TLS
2026-02-01 13:23:29,750 INFO o.a.j.u.JsseSSLManager: SSL session context: per-thread
2026-02-01 13:23:29,879 INFO o.a.j.u.SSLManager: JmeterKeyStore Location:  type JKS
2026-02-01 13:23:29,881 INFO o.a.j.u.SSLManager: KeyStore created OK
2026-02-01 13:23:29,881 WARN o.a.j.u.SSLManager: Keystore file not found, loading empty keystore
2026-02-01 13:23:30,192 INFO o.a.j.t.JMeterThread: Thread started: TG2_Search_Safe 2-2
2026-02-01 13:23:30,266 INFO o.a.j.r.Summariser: summary +      1 in 00:00:02 =    0.6/s Avg:   685 Min:   685 Max:   685 Err:     0 (0.00%) Active: 6 Started: 6 Finished: 0
2026-02-01 13:23:30,520 INFO o.a.j.t.JMeterThread: Thread started: TG1_Basic_Safe 1-3
2026-02-01 13:23:30,617 INFO o.a.j.t.JMeterThread: Thread is done: TG2_Search_Safe 2-1
2026-02-01 13:23:30,617 INFO o.a.j.t.JMeterThread: Thread finished: TG2_Search_Safe 2-1
2026-02-01 13:23:31,519 INFO o.a.j.t.JMeterThread: Thread started: TG1_Basic_Safe 1-4
2026-02-01 13:23:31,545 INFO o.a.j.t.JMeterThread: Thread is done: TG1_Basic_Safe 1-1
2026-02-01 13:23:31,545 INFO o.a.j.t.JMeterThread: Thread finished: TG1_Basic_Safe 1-1
2026-02-01 13:23:31,776 INFO o.a.j.t.JMeterThread: Thread is done: TG2_Search_Safe 2-2
2026-02-01 13:23:31,776 INFO o.a.j.t.JMeterThread: Thread finished: TG2_Search_Safe 2-2
2026-02-01 13:23:31,859 INFO o.a.j.t.JMeterThread: Thread started: TG2_Search_Safe 2-3
2026-02-01 13:23:31,946 INFO o.a.j.t.JMeterThread: Thread is done: TG1_Basic_Safe 1-2
2026-02-01 13:23:31,946 INFO o.a.j.t.JMeterThread: Thread finished: TG1_Basic_Safe 1-2
2026-02-01 13:23:32,519 INFO o.a.j.t.JMeterThread: Thread started: TG1_Basic_Safe 1-5
2026-02-01 13:23:32,880 INFO o.a.j.t.JMeterThread: Thread is done: TG1_Basic_Safe 1-3
2026-02-01 13:23:32,880 INFO o.a.j.t.JMeterThread: Thread finished: TG1_Basic_Safe 1-3
2026-02-01 13:23:33,270 INFO o.a.j.t.JMeterThread: Thread is done: TG2_Search_Safe 2-3
2026-02-01 13:23:33,270 INFO o.a.j.t.JMeterThread: Thread finished: TG2_Search_Safe 2-3
2026-02-01 13:23:33,912 INFO o.a.j.t.JMeterThread: Thread is done: TG1_Basic_Safe 1-4
2026-02-01 13:23:33,912 INFO o.a.j.t.JMeterThread: Thread finished: TG1_Basic_Safe 1-4
2026-02-01 13:23:34,877 INFO o.a.j.t.JMeterThread: Thread is done: TG1_Basic_Safe 1-5
2026-02-01 13:23:34,877 INFO o.a.j.t.JMeterThread: Thread finished: TG1_Basic_Safe 1-5
2026-02-01 13:23:42,853 INFO o.a.j.t.JMeterThread: Thread finished: TG3_Duration_Safe 3-2
2026-02-01 13:23:43,979 INFO o.a.j.t.JMeterThread: Stopping because end time detected by thread: TG3_Duration_Safe 3-1
2026-02-01 13:23:43,979 INFO o.a.j.t.JMeterThread: Thread finished: TG3_Duration_Safe 3-1
2026-02-01 13:23:43,979 INFO o.a.j.e.StandardJMeterEngine: Notifying test listeners of end of test
2026-02-01 13:23:43,980 INFO o.a.j.r.Summariser: summary +     31 in 00:00:14 =    2.3/s Avg:   437 Min:   164 Max:  1038 Err:     0 (0.00%) Active: 0 Started: 10 Finished: 10
2026-02-01 13:23:43,980 INFO o.a.j.r.Summariser: summary =     32 in 00:00:15 =    2.1/s Avg:   444 Min:   164 Max:  1038 Err:     0 (0.00%)
2026-02-01 13:23:43,981 INFO o.a.j.JMeter: Generating Dashboard
2026-02-01 13:23:43,981 INFO o.a.j.r.d.ReportGenerator: Flushing result collector before report Generation
2026-02-01 13:23:43,988 INFO o.a.j.r.p.NormalizerSampleConsumer: Using format, 'ms', to parse timeStamp field
2026-02-01 13:23:44,025 INFO o.a.j.r.p.AbstractSampleConsumer: class org.apache.jmeter.report.processor.AggregateConsumer#stopProducing(): beginDate produced 0 samples
2026-02-01 13:23:44,025 INFO o.a.j.r.p.AbstractSampleConsumer: class org.apache.jmeter.report.processor.AggregateConsumer#stopProducing(): endDate produced 0 samples
2026-02-01 13:23:44,026 INFO o.a.j.r.p.AbstractSampleConsumer: class org.apache.jmeter.report.processor.ApdexSummaryConsumer#stopProducing(): apdexSummary produced 0 samples
2026-02-01 13:23:44,026 INFO o.a.j.r.p.AbstractSampleConsumer: class org.apache.jmeter.report.processor.RequestsSummaryConsumer#stopProducing(): requestsSummary produced 0 samples
2026-02-01 13:23:44,028 INFO o.a.j.r.p.AbstractSampleConsumer: class org.apache.jmeter.report.processor.StatisticsSummaryConsumer#stopProducing(): statisticsSummary produced 0 samples
2026-02-01 13:23:44,029 INFO o.a.j.r.p.AbstractSampleConsumer: class org.apache.jmeter.report.processor.Top5ErrorsBySamplerConsumer#stopProducing(): top5ErrorsBySampler produced 0 samples
2026-02-01 13:23:44,029 INFO o.a.j.r.p.AbstractSampleConsumer: class org.apache.jmeter.report.processor.ErrorsSummaryConsumer#stopProducing(): errorsSummary produced 0 samples
2026-02-01 13:23:44,029 INFO o.a.j.r.p.AbstractSampleConsumer: class org.apache.jmeter.report.processor.graph.impl.HitsPerSecondGraphConsumer#stopProducing(): hitsPerSecond produced 0 samples
2026-02-01 13:23:44,060 INFO o.a.j.r.p.AbstractSampleConsumer: class org.apache.jmeter.report.processor.graph.impl.LatencyVSRequestGraphConsumer#stopProducing(): latencyVsRequest produced 0 samples
2026-02-01 13:23:44,060 INFO o.a.j.r.p.AbstractSampleConsumer: class org.apache.jmeter.report.processor.graph.impl.SyntheticResponseTimeDistributionGraphConsumer#stopProducing(): syntheticResponseTimeDistribution produced 0 samples
2026-02-01 13:23:44,061 INFO o.a.j.r.p.AbstractSampleConsumer: class org.apache.jmeter.report.processor.graph.impl.BytesThroughputGraphConsumer#stopProducing(): bytesThroughputOverTime produced 0 samples
2026-02-01 13:23:44,061 INFO o.a.j.r.p.AbstractSampleConsumer: class org.apache.jmeter.report.processor.graph.impl.CodesPerSecondGraphConsumer#stopProducing(): codesPerSecond produced 0 samples
2026-02-01 13:23:44,064 INFO o.a.j.r.p.AbstractSampleConsumer: class org.apache.jmeter.report.processor.graph.impl.ResponseTimeVSRequestGraphConsumer#stopProducing(): responseTimeVsRequest produced 0 samples
2026-02-01 13:23:44,064 INFO o.a.j.r.p.AbstractSampleConsumer: class org.apache.jmeter.report.processor.FilterConsumer#stopProducing(): startIntervalControlerFilter produced 224 samples
2026-02-01 13:23:44,064 INFO o.a.j.r.p.AbstractSampleConsumer: class org.apache.jmeter.report.processor.graph.impl.TotalTPSGraphConsumer#stopProducing(): totalTPS produced 0 samples
2026-02-01 13:23:44,064 INFO o.a.j.r.p.AbstractSampleConsumer: class org.apache.jmeter.report.processor.graph.impl.ActiveThreadsGraphConsumer#stopProducing(): activeThreadsOverTime produced 0 samples
2026-02-01 13:23:44,064 INFO o.a.j.r.p.AbstractSampleConsumer: class org.apache.jmeter.report.processor.graph.impl.TimeVSThreadGraphConsumer#stopProducing(): timeVsThreads produced 0 samples
2026-02-01 13:23:44,064 INFO o.a.j.r.p.AbstractSampleConsumer: class org.apache.jmeter.report.processor.graph.impl.ResponseTimeDistributionGraphConsumer#stopProducing(): responseTimeDistribution produced 0 samples
2026-02-01 13:23:44,064 INFO o.a.j.r.p.AbstractSampleConsumer: class org.apache.jmeter.report.processor.graph.impl.TransactionsPerSecondGraphConsumer#stopProducing(): transactionsPerSecond produced 0 samples
2026-02-01 13:23:44,064 INFO o.a.j.r.p.AbstractSampleConsumer: class org.apache.jmeter.report.processor.graph.impl.ResponseTimePercentilesGraphConsumer#stopProducing(): responseTimePercentiles produced 0 samples
2026-02-01 13:23:44,065 INFO o.a.j.r.p.AbstractSampleConsumer: class org.apache.jmeter.report.processor.graph.impl.ResponseTimePercentilesOverTimeGraphConsumer#stopProducing(): responseTimePercentilesOverTime produced 0 samples
2026-02-01 13:23:44,065 INFO o.a.j.r.p.AbstractSampleConsumer: class org.apache.jmeter.report.processor.graph.impl.ResponseTimeOverTimeGraphConsumer#stopProducing(): responseTimesOverTime produced 0 samples
2026-02-01 13:23:44,065 INFO o.a.j.r.p.AbstractSampleConsumer: class org.apache.jmeter.report.processor.graph.impl.ConnectTimeOverTimeGraphConsumer#stopProducing(): connectTimeOverTime produced 0 samples
2026-02-01 13:23:44,065 INFO o.a.j.r.p.AbstractSampleConsumer: class org.apache.jmeter.report.processor.graph.impl.LatencyOverTimeGraphConsumer#stopProducing(): latenciesOverTime produced 0 samples
2026-02-01 13:23:44,065 INFO o.a.j.r.p.AbstractSampleConsumer: class org.apache.jmeter.report.processor.FilterConsumer#stopProducing(): nameFilter produced 480 samples
2026-02-01 13:23:44,065 INFO o.a.j.r.p.AbstractSampleConsumer: class org.apache.jmeter.report.processor.FilterConsumer#stopProducing(): dateRangeFilter produced 96 samples
2026-02-01 13:23:44,065 INFO o.a.j.r.p.AbstractSampleConsumer: class org.apache.jmeter.report.processor.NormalizerSampleConsumer#stopProducing(): normalizer produced 32 samples
2026-02-01 13:23:44,066 INFO o.a.j.r.p.CsvFileSampleSource: produce(): 32 samples produced in 63ms on channel 0
2026-02-01 13:23:44,066 INFO o.a.j.r.d.ReportGenerator: Exporting data using exporter:'json' of className:'org.apache.jmeter.report.dashboard.JsonExporter'
2026-02-01 13:23:44,110 INFO o.a.j.r.d.JsonExporter: Found data for consumer statisticsSummary in context
2026-02-01 13:23:44,110 INFO o.a.j.r.d.JsonExporter: Creating statistics for overall
2026-02-01 13:23:44,110 INFO o.a.j.r.d.JsonExporter: Creating statistics for other transactions
2026-02-01 13:23:44,110 INFO o.a.j.r.d.JsonExporter: Checking output folder
2026-02-01 13:23:44,111 INFO o.a.j.r.d.JsonExporter: Writing statistics JSON to /home/ngcuong/Data/KTPM-BIT230069-Soft2/C4-JMeter/report_html/statistics.json
2026-02-01 13:23:44,136 INFO o.a.j.r.d.ReportGenerator: Exporting data using exporter:'html' of className:'org.apache.jmeter.report.dashboard.HtmlTemplateExporter'
2026-02-01 13:23:44,138 INFO o.a.j.r.d.HtmlTemplateExporter: Will generate dashboard in folder: /home/ngcuong/Data/KTPM-BIT230069-Soft2/C4-JMeter/report_html
2026-02-01 13:23:44,201 INFO o.a.j.r.d.HtmlTemplateExporter: Report will be generated in: /home/ngcuong/Data/KTPM-BIT230069-Soft2/C4-JMeter/report_html, creating folder structure
2026-02-01 13:23:44,203 INFO o.a.j.r.d.TemplateVisitor: Copying folder from '/home/ngcuong/apache-jmeter-5.6.3/bin/report-template' to '/home/ngcuong/Data/KTPM-BIT230069-Soft2/C4-JMeter/report_html', got message: /home/ngcuong/Data/KTPM-BIT230069-Soft2/C4-JMeter/report_html, found non empty folder with following content [/home/ngcuong/Data/KTPM-BIT230069-Soft2/C4-JMeter/report_html/statistics.json], will be ignored
2026-02-01 13:23:44,330 INFO o.a.j.JMeter: Dashboard generated
